// Vitest Snapshot v1, https://vitest.dev/guide/snapshot.html

exports[`Contra Simulation > private properties 1`] = `"<script id=\\"vite-plugin-ssr_pageContext\\" type=\\"application/json\\">{\\"abortReason\\":\\"!undefined\\",\\"_urlRewrite\\":null,\\"_urlRedirect\\":\\"!undefined\\",\\"abortStatusCode\\":\\"!undefined\\",\\"_abortCall\\":\\"!undefined\\",\\"_abortCaller\\":\\"!undefined\\",\\"_pageContextInitHasClientData\\":\\"!undefined\\",\\"_pageId\\":\\"/pages/index\\"}</script>"`;
